// Jest Snapshot v1, https://goo.gl/fbAQLP

exports[`validateSchema with invalid JSON raises if invalid JSON 1`] = `"Could not parse JSON: SyntaxError: Unexpected end of JSON input"`;
